###############################################################################
#
# IAR ELF Linker V9.20.2.320/W64 for ARM                  22/Feb/2022  21:53:54
# Copyright 2007-2021 IAR Systems AB.
#
#    Output file  =
#        F:\embedded projects and material\ARM\i2c driver\Debug\Exe\i2c.out
#    Map file     =
#        F:\embedded projects and material\ARM\i2c driver\Debug\List\i2c.map
#    Command line =
#        -f "F:\embedded projects and material\ARM\i2c
#        driver\Debug\Exe\i2c.out.rsp" ("F:\embedded projects and
#        material\ARM\i2c driver\Debug\Obj\I2C.o" "F:\embedded projects and
#        material\ARM\i2c driver\Debug\Obj\main.o" --no_out_extension -o
#        "F:\embedded projects and material\ARM\i2c driver\Debug\Exe\i2c.out"
#        --map "F:\embedded projects and material\ARM\i2c
#        driver\Debug\List\i2c.map" --config "C:\Program Files\IAR
#        Systems\Embedded Workbench
#        9.0\arm\config\linker\TexasInstruments\TM4C123GH6.icf" --semihosting
#        --entry __iar_program_start --vfe --text_out locale)
#
###############################################################################

*******************************************************************************
*** RUNTIME MODEL ATTRIBUTES
***

CppFlavor       = *
__CPP_Runtime   = 1
__SystemLibrary = DLib
__dlib_version  = 6


*******************************************************************************
*** HEAP SELECTION
***

The basic heap was selected because some modules are built with
size limitations (and not runtime checking), and --advanced_heap
was not specified.


*******************************************************************************
*** PLACEMENT SUMMARY
***

"A0":  place at address 0x0 { ro section .intvec };
"P1":  place in [from 0x0 to 0x3'ffff] { ro };
define block CSTACK with size = 4K, alignment = 8 { };
define block HEAP with size = 8K, alignment = 8 { };
"P2":  place in [from 0x2000'0000 to 0x2000'7fff] {
          rw, block CSTACK, block HEAP };

No sections matched the following patterns:

  rw  in "P2"


  Section   Kind         Address    Size  Object
  -------   ----         -------    ----  ------
"A0":                               0x40
  .intvec   ro code          0x0    0x40  vector_table_M.o [4]
                          - 0x40    0x40

"P1":                              0x258
  .text     ro code         0x40   0x184  I2C.o [1]
  .text     ro code        0x1c4    0x40  main.o [1]
  .text     ro code        0x204    0x22  fpinit_M.o [3]
  .text     ro code        0x226     0x2  vectortrap_M.o [4]
  .text     ro code        0x228    0x1e  cmain.o [4]
  .text     ro code        0x246     0x4  low_level_init.o [2]
  .text     ro code        0x24a     0x4  exit.o [2]
  .text     ro code        0x250     0xa  cexit.o [4]
  .text     ro code        0x25c    0x14  exit.o [5]
  .text     ro code        0x270    0x1c  cstartup_M.o [4]
  .rodata   const          0x28c     0xc  main.o [1]
                         - 0x298   0x258

"P2":                             0x1000
  CSTACK             0x2000'0000  0x1000  <Block>
    CSTACK  uninit   0x2000'0000  0x1000  <Block tail>
                   - 0x2000'1000  0x1000

Unused ranges:

         From           To      Size
         ----           --      ----
        0x298     0x3'ffff  0x3'fd68
  0x2000'1000  0x2000'7fff    0x7000



*******************************************************************************
*** MODULE SUMMARY
***

    Module            ro code  ro data  rw data
    ------            -------  -------  -------
command line/config:
    -------------------------------------------
    Total:

F:\embedded projects and material\ARM\i2c driver\Debug\Obj: [1]
    I2C.o                 388
    main.o                 64       12
    -------------------------------------------
    Total:                452       12

dl7M_tln.a: [2]
    exit.o                  4
    low_level_init.o        4
    -------------------------------------------
    Total:                  8

m7M_tls.a: [3]
    fpinit_M.o             34
    -------------------------------------------
    Total:                 34

rt7M_tl.a: [4]
    cexit.o                10
    cmain.o                30
    cstartup_M.o           28
    vector_table_M.o       64
    vectortrap_M.o          2
    -------------------------------------------
    Total:                134

shb_l.a: [5]
    exit.o                 20
    -------------------------------------------
    Total:                 20

    Gaps                    4
    Linker created                        4'096
-----------------------------------------------
    Grand Total:          652       12    4'096


*******************************************************************************
*** ENTRY LIST
***

Entry                      Address  Size  Type      Object
-----                      -------  ----  ----      ------
?main                        0x229        Code  Gb  cmain.o [4]
BusFault_Handler             0x227        Code  Wk  vectortrap_M.o [4]
CSTACK$$Base           0x2000'0000         --   Gb  - Linker created -
CSTACK$$Limit          0x2000'1000         --   Gb  - Linker created -
DebugMon_Handler             0x227        Code  Wk  vectortrap_M.o [4]
HardFault_Handler            0x227        Code  Wk  vectortrap_M.o [4]
MemManage_Handler            0x227        Code  Wk  vectortrap_M.o [4]
NMI_Handler                  0x227        Code  Wk  vectortrap_M.o [4]
PendSV_Handler               0x227        Code  Wk  vectortrap_M.o [4]
Region$$Table$$Base            0x0         --   Gb  - Linker created -
Region$$Table$$Limit           0x0         --   Gb  - Linker created -
SVC_Handler                  0x227        Code  Wk  vectortrap_M.o [4]
SysTick_Handler              0x227        Code  Wk  vectortrap_M.o [4]
UsageFault_Handler           0x227        Code  Wk  vectortrap_M.o [4]
__cmain                      0x229        Code  Gb  cmain.o [4]
__exit                       0x25d  0x14  Code  Gb  exit.o [5]
__iar_init_vfp               0x205        Code  Gb  fpinit_M.o [3]
__iar_program_start          0x271        Code  Gb  cstartup_M.o [4]
__low_level_init             0x247   0x4  Code  Gb  low_level_init.o [2]
__vector_table                 0x0        Data  Gb  vector_table_M.o [4]
_call_main                   0x235        Code  Gb  cmain.o [4]
_exit                        0x251        Code  Gb  cexit.o [4]
exit                         0x24b   0x4  Code  Gb  exit.o [2]
i2c_init                      0x41  0x90  Code  Gb  I2C.o [1]
i2c_sendMultipleBytes         0xd1  0xbc  Code  Gb  I2C.o [1]
main                         0x1c5  0x40  Code  Gb  main.o [1]


[1] = F:\embedded projects and material\ARM\i2c driver\Debug\Obj
[2] = dl7M_tln.a
[3] = m7M_tls.a
[4] = rt7M_tl.a
[5] = shb_l.a

    652 bytes of readonly  code memory
     12 bytes of readonly  data memory
  4'096 bytes of readwrite data memory

Errors: none
Warnings: none
